==========================================
reduce in QC : < |0>,O > == 0 .
result Bool: true
==========================================
reduce in QC : < |1>,O > == 0 .
result Bool: true
==========================================
reduce in QC : < 0 . |0>,O > == 0 .
result Bool: true
==========================================
reduce in QC : < 1 . |0>,O > == 0 .
result Bool: true
==========================================
reduce in QC : < 2 . |0>,O > == 0 .
result Bool: true
==========================================
reduce in QC : < |0>,|1> > == 0 .
result Bool: true
==========================================
reduce in QC : < 0 . |0>,|1> > == 0 .
result Bool: true
==========================================
reduce in QC : < 1 . |0>,|1> > == 0 .
result Bool: true
==========================================
reduce in QC : < |0>,|0> > == 1 .
result Bool: true
==========================================
reduce in QC : < 1 . |0>,|0> > == 1 .
result Bool: true
==========================================
reduce in QC : < |0>,1 . |0> > == 1 .
result Bool: true
==========================================
reduce in QC : < 1 . |0>,1 . |0> > == 1 .
result Bool: true
==========================================
reduce in QC : < |1>,|1> > == 1 .
result Bool: true
==========================================
reduce in QC : < 2 . |1>,|1> > == 2 .
result Bool: true
==========================================
reduce in QC : < 2 . |1>,1 . |1> > == 2 .
result Bool: true
==========================================
reduce in QC : < 2 . |1>,2 . |1> > == 4 .
result Bool: true
==========================================
reduce in QC : < |0>(x)|0> + |1>(x)|1>,|1>(x)|1> > == 1 .
result Bool: true
==========================================
reduce in QC : < |0>(x)|0>,|0>(x)|0> + |1>(x)|1> > == 1 .
result Bool: true
==========================================
reduce in QC : < |0>(x)|0>,|1>(x)|1> > == 0 .
result Bool: true
==========================================
reduce in QC : < |1>(x)|0>,|1>(x)|1> > == 0 .
result Bool: true
==========================================
reduce in QC : < |1>(x)|1>,|1>(x)|1> > == 1 .
result Bool: true
==========================================
reduce in QC : 0 . |0> == O .
result Bool: true
==========================================
reduce in QC : 0 . 0 . |0> == O .
result Bool: true
==========================================
reduce in QC : 0 . 1 . |0> == O .
result Bool: true
==========================================
reduce in QC : 0 . 2 . |0> == O .
result Bool: true
==========================================
reduce in QC : |0> x <1| x O == O .
result Bool: true
==========================================
reduce in QC : mO x |0> == O .
result Bool: true
==========================================
reduce in QC : mO x 0 . |0> == O .
result Bool: true
==========================================
reduce in QC : mO x 1 . |0> == O .
result Bool: true
==========================================
reduce in QC : mO x 2 . |0> == O .
result Bool: true
==========================================
reduce in QC : |0>(x)O == O .
result Bool: true
==========================================
reduce in QC : 0 . |0>(x)O == O .
result Bool: true
==========================================
reduce in QC : 1 . |0>(x)O == O .
result Bool: true
==========================================
reduce in QC : 2 . |0>(x)O == O .
result Bool: true
==========================================
reduce in QC : O(x)0 . |1> == O .
result Bool: true
==========================================
reduce in QC : O(x)1 . |1> == O .
result Bool: true
==========================================
reduce in QC : O(x)2 . |1> == O .
result Bool: true
==========================================
reduce in QC : 0 . <0| == O^+ .
result Bool: true
==========================================
reduce in QC : 0 . 0 . <0| == O^+ .
result Bool: true
==========================================
reduce in QC : 0 . 1 . <0| == O^+ .
result Bool: true
==========================================
reduce in QC : 0 . 2 . <0| == O^+ .
result Bool: true
==========================================
reduce in QC : 0 . O^+ == O^+ .
result Bool: true
==========================================
reduce in QC : 1 . O^+ == O^+ .
result Bool: true
==========================================
reduce in QC : 2 . O^+ == O^+ .
result Bool: true
==========================================
reduce in QC : O^+ + 0 . <0| == 0 . <0| .
result Bool: true
==========================================
reduce in QC : O^+ + 1 . <0| == 1 . <0| .
result Bool: true
==========================================
reduce in QC : O^+ + 2 . <0| == 2 . <0| .
result Bool: true
==========================================
reduce in QC : (0 . |0>) x O^+ == mO .
result Bool: true
==========================================
reduce in QC : (1 . |0>) x O^+ == mO .
result Bool: true
==========================================
reduce in QC : (2 . |0>) x O^+ == mO .
result Bool: true
==========================================
reduce in QC : O x 0 . <0| == mO .
result Bool: true
==========================================
reduce in QC : O x 1 . <0| == mO .
result Bool: true
==========================================
reduce in QC : O x 2 . <0| == mO .
result Bool: true
==========================================
reduce in QC : (0 . <0|)(x)O^+ == O^+ .
result Bool: true
==========================================
reduce in QC : (1 . <0|)(x)O^+ == O^+ .
result Bool: true
==========================================
reduce in QC : (2 . <0|)(x)O^+ == O^+ .
result Bool: true
==========================================
reduce in QC : O^+(x)0 . <0| == O^+ .
result Bool: true
==========================================
reduce in QC : O^+(x)1 . <0| == O^+ .
result Bool: true
==========================================
reduce in QC : O^+(x)2 . <0| == O^+ .
result Bool: true
==========================================
reduce in QC : 0 . |0><0| == mO .
result Bool: true
==========================================
reduce in QC : 0 . 0 . |0><0| == mO .
result Bool: true
==========================================
reduce in QC : 0 . 1 . |0><0| == mO .
result Bool: true
==========================================
reduce in QC : 0 . 2 . |0><0| == mO .
result Bool: true
==========================================
reduce in QC : 0 . mO == mO .
result Bool: true
==========================================
reduce in QC : 1 . mO == mO .
result Bool: true
==========================================
reduce in QC : 2 . mO == mO .
result Bool: true
==========================================
reduce in QC : |0><0| x mO == mO .
result Bool: true
==========================================
reduce in QC : (0 . |0><0|) x mO == mO .
result Bool: true
==========================================
reduce in QC : (1 . |0><0|) x mO == mO .
result Bool: true
==========================================
reduce in QC : (2 . |0><0|) x mO == mO .
result Bool: true
==========================================
reduce in QC : mO x 0 . |0><0| == mO .
result Bool: true
==========================================
reduce in QC : mO x 1 . |0><0| == mO .
result Bool: true
==========================================
reduce in QC : mO x 2 . |0><0| == mO .
result Bool: true
==========================================
reduce in QC : mO(x)|0><0|(x)|1><1| == mO .
result Bool: true
==========================================
reduce in QC : mO(x)0 . |0><0|(x)|1><1| == mO .
result Bool: true
==========================================
reduce in QC : mO(x)1 . |0><0|(x)|1><1| == mO .
result Bool: true
==========================================
reduce in QC : mO(x)2 . |0><0|(x)|1><1| == mO .
result Bool: true
==========================================
reduce in QC : mO(x)|0><0|(x)0 . |1><1| == mO .
result Bool: true
==========================================
reduce in QC : mO(x)|0><0|(x)1 . |1><1| == mO .
result Bool: true
==========================================
reduce in QC : mO(x)|0><0|(x)2 . |1><1| == mO .
result Bool: true
==========================================
reduce in QC : mO(x)0 . |0><0|(x)0 . |1><1| == mO .
result Bool: true
==========================================
reduce in QC : mO(x)1 . |0><0|(x)1 . |1><1| == mO .
result Bool: true
==========================================
reduce in QC : mO(x)2 . |0><0|(x)2 . |1><1| == mO .
result Bool: true
==========================================
reduce in QC : (|0><0|(x)|1><1|)(x)mO == mO .
result Bool: true
==========================================
reduce in QC : (0 . |0><0|(x)|1><1|)(x)mO == mO .
result Bool: true
==========================================
reduce in QC : (1 . |0><0|(x)|1><1|)(x)mO == mO .
result Bool: true
==========================================
reduce in QC : (2 . |0><0|(x)|1><1|)(x)mO == mO .
result Bool: true
==========================================
reduce in QC : (|0><0|(x)0 . |1><1|)(x)mO == mO .
result Bool: true
==========================================
reduce in QC : (|0><0|(x)1 . |1><1|)(x)mO == mO .
result Bool: true
==========================================
reduce in QC : (|0><0|(x)2 . |1><1|)(x)mO == mO .
result Bool: true
==========================================
reduce in QC : (0 . |0><0|(x)0 . |1><1|)(x)mO == mO .
result Bool: true
==========================================
reduce in QC : (1 . |0><0|(x)1 . |1><1|)(x)mO == mO .
result Bool: true
==========================================
reduce in QC : (2 . |0><0|(x)2 . |1><1|)(x)mO == mO .
result Bool: true
==========================================
reduce in QC : I x |0><0| == |0><0| .
result Bool: true
==========================================
reduce in QC : I x 0 . |0><0| == 0 . |0><0| .
result Bool: true
==========================================
reduce in QC : I x 1 . |0><0| == 1 . |0><0| .
result Bool: true
==========================================
reduce in QC : I x 2 . |0><0| == 2 . |0><0| .
result Bool: true
==========================================
reduce in QC : I x mO == mO .
result Bool: true
==========================================
reduce in QC : |0><0| x I == |0><0| .
result Bool: true
==========================================
reduce in QC : (0 . |0><0|) x I == 0 . |0><0| .
result Bool: true
==========================================
reduce in QC : (1 . |0><0|) x I == 1 . |0><0| .
result Bool: true
==========================================
reduce in QC : (2 . |0><0|) x I == 2 . |0><0| .
result Bool: true
==========================================
reduce in QC : mO x I == mO .
result Bool: true
==========================================
reduce in QC : (0 . |0>)^+ == O^+ .
result Bool: true
==========================================
reduce in QC : (1 . |0>)^+ == <0| .
result Bool: true
==========================================
reduce in QC : (2 . |0>)^+ == 2 . <0| .
result Bool: true
==========================================
reduce in QC : (0 . |0> + 0 . |1>)^+ == O^+ .
result Bool: true
==========================================
reduce in QC : (|1> + 0 . |0>)^+ == <1| .
result Bool: true
==========================================
reduce in QC : (|0> + 0 . |1>)^+ == <0| .
result Bool: true
==========================================
reduce in QC : (|0> + |1>)^+ == <0| + <1| .
result Bool: true
==========================================
reduce in QC : (1 . |0> + 1 . |1>)^+ == <0| + <1| .
result Bool: true
==========================================
reduce in QC : (2 . |0> + 2 . |1>)^+ == 2 . <0| + 2 . <1| .
result Bool: true
==========================================
reduce in QC : (0 . |0>(x)|1>)^+ == O^+ .
result Bool: true
==========================================
reduce in QC : (|0>(x)0 . |1>)^+ == O^+ .
result Bool: true
==========================================
reduce in QC : (0 . |0>(x)0 . |1>)^+ == O^+ .
result Bool: true
==========================================
reduce in QC : (|0>(x)|1>)^+ == <0|(x)<1| .
result Bool: true
==========================================
reduce in QC : (1 . |0>(x)|1>)^+ == <0|(x)<1| .
result Bool: true
==========================================
reduce in QC : (|0>(x)1 . |1>)^+ == <0|(x)<1| .
result Bool: true
==========================================
reduce in QC : (1 . |0>(x)1 . |1>)^+ == <0|(x)<1| .
result Bool: true
==========================================
reduce in QC : (0 . <0|)^+ == O .
result Bool: true
==========================================
reduce in QC : (1 . <0|)^+ == |0> .
result Bool: true
==========================================
reduce in QC : (2 . <0|)^+ == 2 . |0> .
result Bool: true
==========================================
reduce in QC : (0 . <0| + 0 . <1|)^+ == O .
result Bool: true
==========================================
reduce in QC : (<1| + 0 . <0|)^+ == |1> .
result Bool: true
==========================================
reduce in QC : (<0| + 0 . <1|)^+ == |0> .
result Bool: true
==========================================
reduce in QC : (<0| + <1|)^+ == |0> + |1> .
result Bool: true
==========================================
reduce in QC : (1 . <0| + 1 . <1|)^+ == |0> + |1> .
result Bool: true
==========================================
reduce in QC : (2 . <0| + 2 . <1|)^+ == 2 . |0> + 2 . |1> .
result Bool: true
==========================================
reduce in QC : (0 . <0|(x)<1|)^+ == O .
result Bool: true
==========================================
reduce in QC : (<0|(x)0 . <1|)^+ == O .
result Bool: true
==========================================
reduce in QC : (0 . <0|(x)0 . <1|)^+ == O .
result Bool: true
==========================================
reduce in QC : (<0|(x)<1|)^+ == |0>(x)|1> .
result Bool: true
==========================================
reduce in QC : (1 . <0|(x)<1|)^+ == |0>(x)|1> .
result Bool: true
==========================================
reduce in QC : (<0|(x)1 . <1|)^+ == |0>(x)|1> .
result Bool: true
==========================================
reduce in QC : (1 . <0|(x)1 . <1|)^+ == |0>(x)|1> .
result Bool: true
==========================================
reduce in QC : |0><0| x (|0> + |1>) == |0> .
result Bool: true
==========================================
reduce in QC : |0><0| x (|1> + 1 . |0>) == |0> .
result Bool: true
==========================================
reduce in QC : |0><0| x (|1> + 2 . |0>) == 2 . |0> .
result Bool: true
==========================================
reduce in QC : (|0><0| + |1><1|) x |0> == |0> .
result Bool: true
==========================================
reduce in QC : (|1><1| + 1 . |0><0|) x |0> == |0> .
result Bool: true
==========================================
reduce in QC : (|1><1| + 2 . |0><0|) x |0> == 2 . |0> .
result Bool: true
==========================================
reduce in QC : (|0><0| + |1><1|) x (|0> + |1>) == |0> + |1> .
result Bool: true
==========================================
reduce in QC : (|1><1| + 1 . |0><0|) x (|0> + |1>) == |0> + |1> .
result Bool: true
==========================================
reduce in QC : (|0><0| + 1 . |1><1|) x (|0> + |1>) == |0> + |1> .
result Bool: true
==========================================
reduce in QC : (2 . |0><0| + 2 . |1><1|) x (|0> + |1>) == 2 . |0> + 2 . |1> .
result Bool: true
==========================================
reduce in QC : |0> x (<0| + <1|) == |0> x <0| + |0> x <1| .
result Bool: true
==========================================
reduce in QC : |0> x (1 . <0| + 1 . <1|) == |0> x <0| + |0> x <1| .
result Bool: true
==========================================
reduce in QC : |0> x (0 . <0| + 0 . <1|) == mO .
result Bool: true
==========================================
reduce in QC : |0> x (0 . <0| + 1 . <1|) == |0> x <1| .
result Bool: true
==========================================
reduce in QC : |0> x (0 . <0| + 2 . <1|) == 2 . |0> x <1| .
result Bool: true
==========================================
reduce in QC : (|0> + |1>) x <0| == |0> x <0| + |1> x <0| .
result Bool: true
==========================================
reduce in QC : (1 . |0> + 1 . |1>) x <0| == |0> x <0| + |1> x <0| .
result Bool: true
==========================================
reduce in QC : (0 . |0> + 0 . |1>) x <0| == mO .
result Bool: true
==========================================
reduce in QC : (0 . |0> + 1 . |1>) x <0| == |1> x <0| .
result Bool: true
==========================================
reduce in QC : (0 . |0> + 2 . |1>) x <0| == 2 . |1> x <0| .
result Bool: true
==========================================
reduce in QC : (|0> + |1>) x (<0| + <1|) == ((|1> x <0| + |1> x <1|) + |0> x
    <1|) + |0> x <0| .
result Bool: true
==========================================
reduce in QC : (0 . |0> + 0 . |1>) x (<0| + <1|) == mO .
result Bool: true
==========================================
reduce in QC : (|1> + 0 . |0>) x (<0| + <1|) == |1> x <0| + |1> x <1| .
result Bool: true
==========================================
reduce in QC : (1 . |0> + 1 . |1>) x (<0| + <1|) == ((|1> x <0| + |1> x <1|) +
    |0> x <1|) + |0> x <0| .
result Bool: true
==========================================
reduce in QC : (1 . |1> + 2 . |0>) x (<0| + <1|) == 2 . |0> x <0| + 2 . |0> x
    <1| + |1> x <0| + |1> x <1| .
result Bool: true
==========================================
reduce in QC : (|0> x <1|) x (|0> x <0| + |1> x <1|) == |0> x <1| .
result Bool: true
==========================================
reduce in QC : (|0> x <1|) x (0 . |1> x <1| + |0> x <0|) == mO .
result Bool: true
==========================================
reduce in QC : (|0> x <1|) x (1 . |1> x <1| + |0> x <0|) == 1 . |0> x <1| .
result Bool: true
==========================================
reduce in QC : (|0> x <1|) x (2 . |1> x <1| + |0> x <0|) == 2 . |0> x <1| .
result Bool: true
==========================================
reduce in QC : (|0> x <0| + |1> x <1|) x |0> x <1| == |0> x <1| .
result Bool: true
==========================================
reduce in QC : (0 . |0> x <0| + |1> x <1|) x |0> x <1| == mO .
result Bool: true
==========================================
reduce in QC : (1 . |0> x <0| + |1> x <1|) x |0> x <1| == 1 . |0> x <1| .
result Bool: true
==========================================
reduce in QC : (2 . |0> x <0| + |1> x <1|) x |0> x <1| == 2 . |0> x <1| .
result Bool: true
==========================================
reduce in QC : (|0> x <0| + |1> x <1|) x (|0> x <0| + |1> x <1|) == |0> x <0| +
    |1> x <1| .
result Bool: true
Bye.
