==========================================
reduce in TELEPORT : (P0(1) x P0(0) x H(0) x CX(0, 1) x CX(1, 2) x H(1)) x
    |psi>(x)|0>(x)|0> .
result Vect: (a .* 1/2) . |0>(x)|0>(x)|0> + (b .* 1/2) . |0>(x)|0>(x)|1>
==========================================
reduce in TELEPORT : (Z(2) x P0(1) x P1(0) x H(0) x CX(0, 1) x CX(1, 2) x H(1))
    x |psi>(x)|0>(x)|0> .
result Vect: (a .* 1/2) . |1>(x)|0>(x)|0> + (b .* 1/2) . |1>(x)|0>(x)|1>
==========================================
reduce in TELEPORT : (X(2) x P1(1) x P0(0) x H(0) x CX(0, 1) x CX(1, 2) x H(1))
    x |psi>(x)|0>(x)|0> .
result Vect: (a .* 1/2) . |0>(x)|1>(x)|0> + (b .* 1/2) . |0>(x)|1>(x)|1>
==========================================
reduce in TELEPORT : (Z(2) x X(2) x P1(1) x P1(0) x H(0) x CX(0, 1) x CX(1, 2)
    x H(1)) x |psi>(x)|0>(x)|0> .
result Vect: (a .* 1/2) . |1>(x)|1>(x)|0> + (b .* 1/2) . |1>(x)|1>(x)|1>
Bye.
