==========================================
reduce in SECRET-SHARING : analyze([H(1) CX(1, 2) CX(0, 1) H(0) CX(2, 3) H(2) (
    P0(1) U P1(1) X(3)) (P0(0) U P1(0) Z(3)) (P0(2) U P1(2) Z(3)), |psi>(x)|0>(
    x)|0>(x)|0>]) .
result NeCompSet: [|0>(x)|0>(x)|0>(x)(a . |0> + b . |1>), 1.25e-1], [|0>(x)|0>(
    x)|1>(x)(a . |0> + b . |1>), 1.25e-1], [|0>(x)|1>(x)|0>(x)(a . |0> + b .
    |1>), 1.25e-1], [|0>(x)|1>(x)|1>(x)((a * (-1, 0, 0, 0)) . |0> + (b * (-1,
    0, 0, 0)) . |1>), 1.25e-1], [|1>(x)|0>(x)|0>(x)(a . |0> + b . |1>),
    1.25e-1], [|1>(x)|0>(x)|1>(x)(a . |0> + b . |1>), 1.25e-1], [|1>(x)|1>(
    x)|0>(x)(a . |0> + b . |1>), 1.25e-1], [|1>(x)|1>(x)|1>(x)((a * (-1, 0, 0,
    0)) . |0> + (b * (-1, 0, 0, 0)) . |1>), 1.25e-1]
==========================================
reduce in SECRET-SHARING : check([H(1) CX(1, 2) CX(0, 1) H(0) CX(2, 3) H(2) (
    P0(1) U P1(1) X(3)) (P0(0) U P1(0) Z(3)) (P0(2) U P1(2) Z(3)), |psi>(x)|0>(
    x)|0>(x)|0>], P(3, |psi>)) .
result CompSet: empty
Bye.
